// Jest Snapshot v1, https://goo.gl/fbAQLP

exports[`Button renders button unchanged 1`] = `
<div>
  <button
    class="jsx-781207911 storybook-button storybook-button--medium storybook-button--secondary"
    type="button"
  >
    save
  </button>
</div>
`;
